[35m[1mConsolidate compiler generated dependencies of target grip_map_generator[0m
[ 50%] [32mBuilding CXX object CMakeFiles/grip_map_generator.dir/scripts/gridmap_generator.cpp.o[0m
[100%] [32m[1mLinking CXX executable grip_map_generator[0m
[100%] Built target grip_map_generator
-- Install configuration: ""
-- Installing: /home/deiva/My_code_development/PathPlanning/install/map_viz/lib/map_viz/grip_map_generator
-- Set runtime path of "/home/deiva/My_code_development/PathPlanning/install/map_viz/lib/map_viz/grip_map_generator" to ""
-- Up-to-date: /home/deiva/My_code_development/PathPlanning/install/map_viz/share/ament_index/resource_index/package_run_dependencies/map_viz
-- Up-to-date: /home/deiva/My_code_development/PathPlanning/install/map_viz/share/ament_index/resource_index/parent_prefix_path/map_viz
-- Up-to-date: /home/deiva/My_code_development/PathPlanning/install/map_viz/share/map_viz/environment/ament_prefix_path.sh
-- Up-to-date: /home/deiva/My_code_development/PathPlanning/install/map_viz/share/map_viz/environment/ament_prefix_path.dsv
-- Up-to-date: /home/deiva/My_code_development/PathPlanning/install/map_viz/share/map_viz/environment/path.sh
-- Up-to-date: /home/deiva/My_code_development/PathPlanning/install/map_viz/share/map_viz/environment/path.dsv
-- Up-to-date: /home/deiva/My_code_development/PathPlanning/install/map_viz/share/map_viz/local_setup.bash
-- Up-to-date: /home/deiva/My_code_development/PathPlanning/install/map_viz/share/map_viz/local_setup.sh
-- Up-to-date: /home/deiva/My_code_development/PathPlanning/install/map_viz/share/map_viz/local_setup.zsh
-- Up-to-date: /home/deiva/My_code_development/PathPlanning/install/map_viz/share/map_viz/local_setup.dsv
-- Installing: /home/deiva/My_code_development/PathPlanning/install/map_viz/share/map_viz/package.dsv
-- Up-to-date: /home/deiva/My_code_development/PathPlanning/install/map_viz/share/ament_index/resource_index/packages/map_viz
-- Up-to-date: /home/deiva/My_code_development/PathPlanning/install/map_viz/share/map_viz/cmake/map_vizConfig.cmake
-- Up-to-date: /home/deiva/My_code_development/PathPlanning/install/map_viz/share/map_viz/cmake/map_vizConfig-version.cmake
-- Up-to-date: /home/deiva/My_code_development/PathPlanning/install/map_viz/share/map_viz/package.xml
