-- Found ament_cmake: 1.3.8 (/opt/ros/humble/share/ament_cmake/cmake)
-- Override CMake install command with custom implementation using symlinks instead of copying resources
-- Found rclcpp: 16.0.8 (/opt/ros/humble/share/rclcpp/cmake)
-- Found rosidl_generator_c: 3.1.5 (/opt/ros/humble/share/rosidl_generator_c/cmake)
-- Found rosidl_adapter: 3.1.5 (/opt/ros/humble/share/rosidl_adapter/cmake)
-- Found rosidl_generator_cpp: 3.1.5 (/opt/ros/humble/share/rosidl_generator_cpp/cmake)
-- Using all available rosidl_typesupport_c: rosidl_typesupport_fastrtps_c;rosidl_typesupport_introspection_c
-- Using all available rosidl_typesupport_cpp: rosidl_typesupport_fastrtps_cpp;rosidl_typesupport_introspection_cpp
-- Found rmw_implementation_cmake: 6.1.1 (/opt/ros/humble/share/rmw_implementation_cmake/cmake)
-- Found rmw_cyclonedds_cpp: 1.3.4 (/opt/ros/humble/share/rmw_cyclonedds_cpp/cmake)
-- Using RMW implementation 'rmw_cyclonedds_cpp' as default
-- Found nav_msgs: 4.2.3 (/opt/ros/humble/share/nav_msgs/cmake)
-- Found ament_lint_auto: 0.12.10 (/opt/ros/humble/share/ament_lint_auto/cmake)
-- Added test 'cppcheck' to perform static code analysis on C / C++ code
-- Configured cppcheck include dirs: 
-- Configured cppcheck exclude dirs and/or files: 
-- Added test 'flake8' to check Python code syntax and style conventions
-- Added test 'lint_cmake' to check CMake code style
-- Added test 'pep257' to check Python code against some of the docstring style conventions in PEP 257
-- Added test 'uncrustify' to check C / C++ code style
-- Configured uncrustify additional arguments: 
-- Added test 'xmllint' to check XML markup files
-- Configuring done
-- Generating done
-- Build files have been written to: /home/deiva/My_code_development/PathPlanning/build/map_viz
[35m[1mConsolidate compiler generated dependencies of target grip_map_generator[0m
[ 50%] [32m[1mLinking CXX executable grip_map_generator[0m
[100%] Built target grip_map_generator
-- Install configuration: ""
-- Execute custom install script
-- Symlinking: /home/deiva/My_code_development/PathPlanning/install/map_viz/lib/map_viz/grip_map_generator
-- Symlinking: /home/deiva/My_code_development/PathPlanning/install/map_viz/share/ament_index/resource_index/package_run_dependencies/map_viz
-- Symlinking: /home/deiva/My_code_development/PathPlanning/install/map_viz/share/ament_index/resource_index/parent_prefix_path/map_viz
-- Symlinking: /home/deiva/My_code_development/PathPlanning/install/map_viz/share/map_viz/environment/ament_prefix_path.sh
-- Symlinking: /home/deiva/My_code_development/PathPlanning/install/map_viz/share/map_viz/environment/ament_prefix_path.dsv
-- Symlinking: /home/deiva/My_code_development/PathPlanning/install/map_viz/share/map_viz/environment/path.sh
-- Symlinking: /home/deiva/My_code_development/PathPlanning/install/map_viz/share/map_viz/environment/path.dsv
-- Symlinking: /home/deiva/My_code_development/PathPlanning/install/map_viz/share/map_viz/local_setup.bash
-- Symlinking: /home/deiva/My_code_development/PathPlanning/install/map_viz/share/map_viz/local_setup.sh
-- Symlinking: /home/deiva/My_code_development/PathPlanning/install/map_viz/share/map_viz/local_setup.zsh
-- Symlinking: /home/deiva/My_code_development/PathPlanning/install/map_viz/share/map_viz/local_setup.dsv
-- Symlinking: /home/deiva/My_code_development/PathPlanning/install/map_viz/share/map_viz/package.dsv
-- Symlinking: /home/deiva/My_code_development/PathPlanning/install/map_viz/share/ament_index/resource_index/packages/map_viz
-- Symlinking: /home/deiva/My_code_development/PathPlanning/install/map_viz/share/map_viz/cmake/map_vizConfig.cmake
-- Symlinking: /home/deiva/My_code_development/PathPlanning/install/map_viz/share/map_viz/cmake/map_vizConfig-version.cmake
-- Symlinking: /home/deiva/My_code_development/PathPlanning/install/map_viz/share/map_viz/package.xml
