[0.283s] colcon DEBUG Command line arguments: ['/usr/bin/colcon', 'list', '-p', '--base-paths', '/home/deiva/My_code_development/PathPlanning']
[0.284s] colcon DEBUG Parsed command line arguments: Namespace(log_base=None, log_level=None, verb_name='list', build_base='build', ignore_user_meta=False, metas=['./colcon.meta'], base_paths=['/home/deiva/My_code_development/PathPlanning'], packages_ignore=None, packages_ignore_regex=None, paths=None, packages_up_to=None, packages_up_to_regex=None, packages_above=None, packages_above_and_dependencies=None, packages_above_depth=None, packages_select_by_dep=None, packages_skip_by_dep=None, packages_skip_up_to=None, packages_select_build_failed=False, packages_skip_build_finished=False, packages_select_test_failures=False, packages_skip_test_passed=False, packages_select=None, packages_skip=None, packages_select_regex=None, packages_skip_regex=None, packages_start=None, packages_end=None, allow_overriding=[], topological_order=False, names_only=False, paths_only=True, topological_graph=False, topological_graph_dot=False, topological_graph_density=False, topological_graph_legend=False, topological_graph_dot_cluster=False, topological_graph_dot_include_skipped=False, mixin_files=None, mixin=None, verb_parser=<colcon_mixin.mixin.mixin_argument.MixinArgumentDecorator object at 0x74197f186440>, verb_extension=<colcon_package_information.verb.list.ListVerb object at 0x74197f185330>, main=<bound method ListVerb.main of <colcon_package_information.verb.list.ListVerb object at 0x74197f185330>>, mixin_verb=('list',))
[0.958s] colcon.colcon_core.package_discovery Level 1 discover_packages(colcon_meta) check parameters
[0.959s] colcon.colcon_core.package_discovery Level 1 discover_packages(recursive) check parameters
[0.959s] colcon.colcon_core.package_discovery Level 1 discover_packages(ignore) check parameters
[0.959s] colcon.colcon_core.package_discovery Level 1 discover_packages(path) check parameters
[0.959s] colcon.colcon_core.package_discovery Level 1 discover_packages(recursive) discover
[0.959s] colcon.colcon_core.package_discovery INFO Crawling recursively for packages in '/home/deiva/My_code_development/PathPlanning'
[0.959s] colcon.colcon_core.package_identification Level 1 _identify(/home/deiva/My_code_development/PathPlanning) by extensions ['ignore', 'ignore_ament_install']
[0.959s] colcon.colcon_core.package_identification Level 1 _identify(/home/deiva/My_code_development/PathPlanning) by extension 'ignore'
[0.959s] colcon.colcon_core.package_identification Level 1 _identify(/home/deiva/My_code_development/PathPlanning) by extension 'ignore_ament_install'
[0.959s] colcon.colcon_core.package_identification Level 1 _identify(/home/deiva/My_code_development/PathPlanning) by extensions ['colcon_pkg']
[0.959s] colcon.colcon_core.package_identification Level 1 _identify(/home/deiva/My_code_development/PathPlanning) by extension 'colcon_pkg'
[0.959s] colcon.colcon_core.package_identification Level 1 _identify(/home/deiva/My_code_development/PathPlanning) by extensions ['colcon_meta']
[0.959s] colcon.colcon_core.package_identification Level 1 _identify(/home/deiva/My_code_development/PathPlanning) by extension 'colcon_meta'
[0.960s] colcon.colcon_core.package_identification Level 1 _identify(/home/deiva/My_code_development/PathPlanning) by extensions ['ros']
[0.960s] colcon.colcon_core.package_identification Level 1 _identify(/home/deiva/My_code_development/PathPlanning) by extension 'ros'
[0.978s] colcon.colcon_core.package_identification Level 1 _identify(/home/deiva/My_code_development/PathPlanning) by extensions ['cmake', 'python']
[0.978s] colcon.colcon_core.package_identification Level 1 _identify(/home/deiva/My_code_development/PathPlanning) by extension 'cmake'
[0.978s] colcon.colcon_core.package_identification Level 1 _identify(/home/deiva/My_code_development/PathPlanning) by extension 'python'
[0.978s] colcon.colcon_core.package_identification Level 1 _identify(/home/deiva/My_code_development/PathPlanning) by extensions ['python_setup_py']
[0.978s] colcon.colcon_core.package_identification Level 1 _identify(/home/deiva/My_code_development/PathPlanning) by extension 'python_setup_py'
[0.978s] colcon.colcon_core.package_identification Level 1 _identify(/home/deiva/My_code_development/PathPlanning/build) by extensions ['ignore', 'ignore_ament_install']
[0.978s] colcon.colcon_core.package_identification Level 1 _identify(/home/deiva/My_code_development/PathPlanning/build) by extension 'ignore'
[0.978s] colcon.colcon_core.package_identification Level 1 _identify(/home/deiva/My_code_development/PathPlanning/build) ignored
[0.978s] colcon.colcon_core.package_identification Level 1 _identify(/home/deiva/My_code_development/PathPlanning/install) by extensions ['ignore', 'ignore_ament_install']
[0.979s] colcon.colcon_core.package_identification Level 1 _identify(/home/deiva/My_code_development/PathPlanning/install) by extension 'ignore'
[0.979s] colcon.colcon_core.package_identification Level 1 _identify(/home/deiva/My_code_development/PathPlanning/install) ignored
[0.979s] colcon.colcon_core.package_identification Level 1 _identify(/home/deiva/My_code_development/PathPlanning/log) by extensions ['ignore', 'ignore_ament_install']
[0.979s] colcon.colcon_core.package_identification Level 1 _identify(/home/deiva/My_code_development/PathPlanning/log) by extension 'ignore'
[0.979s] colcon.colcon_core.package_identification Level 1 _identify(/home/deiva/My_code_development/PathPlanning/log) ignored
[0.980s] colcon.colcon_core.package_identification Level 1 _identify(/home/deiva/My_code_development/PathPlanning/src) by extensions ['ignore', 'ignore_ament_install']
[0.980s] colcon.colcon_core.package_identification Level 1 _identify(/home/deiva/My_code_development/PathPlanning/src) by extension 'ignore'
[0.980s] colcon.colcon_core.package_identification Level 1 _identify(/home/deiva/My_code_development/PathPlanning/src) by extension 'ignore_ament_install'
[0.980s] colcon.colcon_core.package_identification Level 1 _identify(/home/deiva/My_code_development/PathPlanning/src) by extensions ['colcon_pkg']
[0.980s] colcon.colcon_core.package_identification Level 1 _identify(/home/deiva/My_code_development/PathPlanning/src) by extension 'colcon_pkg'
[0.980s] colcon.colcon_core.package_identification Level 1 _identify(/home/deiva/My_code_development/PathPlanning/src) by extensions ['colcon_meta']
[0.980s] colcon.colcon_core.package_identification Level 1 _identify(/home/deiva/My_code_development/PathPlanning/src) by extension 'colcon_meta'
[0.980s] colcon.colcon_core.package_identification Level 1 _identify(/home/deiva/My_code_development/PathPlanning/src) by extensions ['ros']
[0.980s] colcon.colcon_core.package_identification Level 1 _identify(/home/deiva/My_code_development/PathPlanning/src) by extension 'ros'
[0.980s] colcon.colcon_core.package_identification Level 1 _identify(/home/deiva/My_code_development/PathPlanning/src) by extensions ['cmake', 'python']
[0.980s] colcon.colcon_core.package_identification Level 1 _identify(/home/deiva/My_code_development/PathPlanning/src) by extension 'cmake'
[0.980s] colcon.colcon_core.package_identification Level 1 _identify(/home/deiva/My_code_development/PathPlanning/src) by extension 'python'
[0.980s] colcon.colcon_core.package_identification Level 1 _identify(/home/deiva/My_code_development/PathPlanning/src) by extensions ['python_setup_py']
[0.980s] colcon.colcon_core.package_identification Level 1 _identify(/home/deiva/My_code_development/PathPlanning/src) by extension 'python_setup_py'
[0.981s] colcon.colcon_core.package_identification Level 1 _identify(/home/deiva/My_code_development/PathPlanning/src/map_viz) by extensions ['ignore', 'ignore_ament_install']
[0.981s] colcon.colcon_core.package_identification Level 1 _identify(/home/deiva/My_code_development/PathPlanning/src/map_viz) by extension 'ignore'
[0.981s] colcon.colcon_core.package_identification Level 1 _identify(/home/deiva/My_code_development/PathPlanning/src/map_viz) by extension 'ignore_ament_install'
[0.981s] colcon.colcon_core.package_identification Level 1 _identify(/home/deiva/My_code_development/PathPlanning/src/map_viz) by extensions ['colcon_pkg']
[0.981s] colcon.colcon_core.package_identification Level 1 _identify(/home/deiva/My_code_development/PathPlanning/src/map_viz) by extension 'colcon_pkg'
[0.981s] colcon.colcon_core.package_identification Level 1 _identify(/home/deiva/My_code_development/PathPlanning/src/map_viz) by extensions ['colcon_meta']
[0.981s] colcon.colcon_core.package_identification Level 1 _identify(/home/deiva/My_code_development/PathPlanning/src/map_viz) by extension 'colcon_meta'
[0.981s] colcon.colcon_core.package_identification Level 1 _identify(/home/deiva/My_code_development/PathPlanning/src/map_viz) by extensions ['ros']
[0.981s] colcon.colcon_core.package_identification Level 1 _identify(/home/deiva/My_code_development/PathPlanning/src/map_viz) by extension 'ros'
[0.987s] colcon.colcon_core.package_identification DEBUG Package '/home/deiva/My_code_development/PathPlanning/src/map_viz' with type 'ros.ament_cmake' and name 'map_viz'
[0.987s] colcon.colcon_core.package_discovery Level 1 discover_packages(recursive) using defaults
