-- The C compiler identification is GNU 11.4.0
-- The CXX compiler identification is GNU 11.4.0
-- Detecting C compiler ABI info
-- Detecting C compiler ABI info - done
-- Check for working C compiler: /usr/bin/cc - skipped
-- Detecting C compile features
-- Detecting C compile features - done
-- Detecting CXX compiler ABI info
-- Detecting CXX compiler ABI info - done
-- Check for working CXX compiler: /usr/bin/c++ - skipped
-- Detecting CXX compile features
-- Detecting CXX compile features - done
-- Found ament_cmake: 1.3.8 (/opt/ros/humble/share/ament_cmake/cmake)
-- Found Python3: /usr/bin/python3 (found version "3.10.12") found components: Interpreter 
-- Found rclcpp: 16.0.8 (/opt/ros/humble/share/rclcpp/cmake)
-- Found rosidl_generator_c: 3.1.5 (/opt/ros/humble/share/rosidl_generator_c/cmake)
-- Found rosidl_adapter: 3.1.5 (/opt/ros/humble/share/rosidl_adapter/cmake)
-- Found rosidl_generator_cpp: 3.1.5 (/opt/ros/humble/share/rosidl_generator_cpp/cmake)
-- Using all available rosidl_typesupport_c: rosidl_typesupport_fastrtps_c;rosidl_typesupport_introspection_c
-- Using all available rosidl_typesupport_cpp: rosidl_typesupport_fastrtps_cpp;rosidl_typesupport_introspection_cpp
-- Found rmw_implementation_cmake: 6.1.1 (/opt/ros/humble/share/rmw_implementation_cmake/cmake)
-- Found rmw_cyclonedds_cpp: 1.3.4 (/opt/ros/humble/share/rmw_cyclonedds_cpp/cmake)
-- Using RMW implementation 'rmw_cyclonedds_cpp' as default
-- Looking for pthread.h
-- Looking for pthread.h - found
-- Performing Test CMAKE_HAVE_LIBC_PTHREAD
-- Performing Test CMAKE_HAVE_LIBC_PTHREAD - Success
-- Found Threads: TRUE  
-- Found nav_msgs: 4.2.3 (/opt/ros/humble/share/nav_msgs/cmake)
-- Found ament_lint_auto: 0.12.10 (/opt/ros/humble/share/ament_lint_auto/cmake)
-- Added test 'cppcheck' to perform static code analysis on C / C++ code
-- Configured cppcheck include dirs: 
-- Configured cppcheck exclude dirs and/or files: 
-- Added test 'flake8' to check Python code syntax and style conventions
-- Added test 'lint_cmake' to check CMake code style
-- Added test 'pep257' to check Python code against some of the docstring style conventions in PEP 257
-- Added test 'uncrustify' to check C / C++ code style
-- Configured uncrustify additional arguments: 
-- Added test 'xmllint' to check XML markup files
-- Configuring done
-- Generating done
-- Build files have been written to: /home/deiva/My_code_development/PathPlanning/build/map_viz
[ 50%] [32mBuilding CXX object CMakeFiles/grip_map_generator.dir/scripts/gridmap_generator.cpp.o[0m
[01m[K/home/deiva/My_code_development/PathPlanning/src/map_viz/scripts/gridmap_generator.cpp:[m[K In member function ‘[01m[Kvoid MapData::get_map_callback(std::shared_ptr<nav_msgs::srv::GetMap_Request_<std::allocator<void> > >, std::shared_ptr<nav_msgs::srv::GetMap_Response_<std::allocator<void> > >)[m[K’:
[01m[K/home/deiva/My_code_development/PathPlanning/src/map_viz/scripts/gridmap_generator.cpp:106:81:[m[K [01;35m[Kwarning: [m[Kunused parameter ‘[01m[Krequest[m[K’ [[01;35m[K]8;;https://gcc.gnu.org/onlinedocs/gcc/Warning-Options.html#index-Wunused-parameter-Wunused-parameter]8;;[m[K]
  106 |     void get_map_callback([01;35m[Kconst std::shared_ptr<nav_msgs::srv::GetMap::Request> request[m[K,
      |                           [01;35m[K~~~~~~~~~~~~~~~~~~~~~~~~~~~~~~~~~~~~~~~~~~~~~~~~~~~~~~^~~~~~~[m[K
[100%] [32m[1mLinking CXX executable grip_map_generator[0m
[100%] Built target grip_map_generator
-- Install configuration: ""
-- Installing: /home/deiva/My_code_development/PathPlanning/install/map_viz/lib/map_viz/grip_map_generator
-- Set runtime path of "/home/deiva/My_code_development/PathPlanning/install/map_viz/lib/map_viz/grip_map_generator" to ""
-- Installing: /home/deiva/My_code_development/PathPlanning/install/map_viz/share/ament_index/resource_index/package_run_dependencies/map_viz
-- Installing: /home/deiva/My_code_development/PathPlanning/install/map_viz/share/ament_index/resource_index/parent_prefix_path/map_viz
-- Installing: /home/deiva/My_code_development/PathPlanning/install/map_viz/share/map_viz/environment/ament_prefix_path.sh
-- Installing: /home/deiva/My_code_development/PathPlanning/install/map_viz/share/map_viz/environment/ament_prefix_path.dsv
-- Installing: /home/deiva/My_code_development/PathPlanning/install/map_viz/share/map_viz/environment/path.sh
-- Installing: /home/deiva/My_code_development/PathPlanning/install/map_viz/share/map_viz/environment/path.dsv
-- Installing: /home/deiva/My_code_development/PathPlanning/install/map_viz/share/map_viz/local_setup.bash
-- Installing: /home/deiva/My_code_development/PathPlanning/install/map_viz/share/map_viz/local_setup.sh
-- Installing: /home/deiva/My_code_development/PathPlanning/install/map_viz/share/map_viz/local_setup.zsh
-- Installing: /home/deiva/My_code_development/PathPlanning/install/map_viz/share/map_viz/local_setup.dsv
-- Installing: /home/deiva/My_code_development/PathPlanning/install/map_viz/share/map_viz/package.dsv
-- Installing: /home/deiva/My_code_development/PathPlanning/install/map_viz/share/ament_index/resource_index/packages/map_viz
-- Installing: /home/deiva/My_code_development/PathPlanning/install/map_viz/share/map_viz/cmake/map_vizConfig.cmake
-- Installing: /home/deiva/My_code_development/PathPlanning/install/map_viz/share/map_viz/cmake/map_vizConfig-version.cmake
-- Installing: /home/deiva/My_code_development/PathPlanning/install/map_viz/share/map_viz/package.xml
